2025-05-17 14:27:16,366 - data_processor - INFO - Competências únicas encontradas: ['01/2023' 'Competência: 02/2023' 'COMPETÊNCIA:03/2023' '04-2023'
 '05.2023']
2025-05-17 14:27:16,366 - data_processor - INFO - Competência '01/2023' reconhecida com padrão '\b(\d{2})/(\d{4})\b': mês=1, ano=2023
2025-05-17 14:27:16,367 - data_processor - INFO - Atribuídos valores Mês=1, Ano=2023 para 1 linhas com competência '01/2023'
2025-05-17 14:27:16,367 - data_processor - INFO - Competência 'Competência: 02/2023' reconhecida com padrão '\b(\d{2})/(\d{4})\b': mês=2, ano=2023
2025-05-17 14:27:16,368 - data_processor - INFO - Atribuídos valores Mês=2, Ano=2023 para 1 linhas com competência 'Competência: 02/2023'
2025-05-17 14:27:16,368 - data_processor - INFO - Competência 'COMPETÊNCIA:03/2023' reconhecida com padrão '\b(\d{2})/(\d{4})\b': mês=3, ano=2023
2025-05-17 14:27:16,368 - data_processor - INFO - Atribuídos valores Mês=3, Ano=2023 para 1 linhas com competência 'COMPETÊNCIA:03/2023'
2025-05-17 14:27:16,369 - data_processor - INFO - Competência '04-2023' reconhecida com padrão '\b(\d{2})[-\.](\d{4})\b': mês=4, ano=2023
2025-05-17 14:27:16,370 - data_processor - INFO - Atribuídos valores Mês=4, Ano=2023 para 1 linhas com competência '04-2023'
2025-05-17 14:27:16,370 - data_processor - INFO - Competência '05.2023' reconhecida com padrão '\b(\d{2})[-\.](\d{4})\b': mês=5, ano=2023
2025-05-17 14:27:16,370 - data_processor - INFO - Atribuídos valores Mês=5, Ano=2023 para 1 linhas com competência '05.2023'
2025-05-17 14:27:16,374 - data_processor - INFO - Valores únicos de mês extraídos: [1.0 2.0 3.0 4.0 5.0]
2025-05-17 14:27:16,374 - data_processor - INFO - Valores únicos de ano extraídos: [2023.0]
2025-05-17 14:27:16,374 - data_processor - INFO - Total de linhas com mês/ano atribuídos: 5 de 5
2025-05-17 14:27:16,384 - data_processor - INFO - Iniciando processamento dos dados...
2025-05-17 14:27:16,384 - data_processor - INFO - Limpando nomes de tomador...
2025-05-17 14:27:16,385 - data_processor - INFO - Encontrados 1 registros com '50 BATALHÃO' no nome do tomador
2025-05-17 14:27:16,386 - data_processor - INFO - Corrigindo alíquota para 1 linhas com BATALHÃO DE INFANTARIA
2025-05-17 14:27:16,387 - data_processor - INFO - Após limpeza: 0 registros com '50 BATALHÃO' no nome do tomador
2025-05-17 14:27:16,390 - data_processor - INFO - Competências únicas encontradas: ['01/2023' 'Competência: 02/2023' 'COMPETÊNCIA:03/2023' '04-2023'
 '05.2023']
2025-05-17 14:27:16,390 - data_processor - INFO - Competência '01/2023' reconhecida com padrão '\b(\d{2})/(\d{4})\b': mês=1, ano=2023
2025-05-17 14:27:16,391 - data_processor - INFO - Atribuídos valores Mês=1, Ano=2023 para 1 linhas com competência '01/2023'
2025-05-17 14:27:16,391 - data_processor - INFO - Competência 'Competência: 02/2023' reconhecida com padrão '\b(\d{2})/(\d{4})\b': mês=2, ano=2023
2025-05-17 14:27:16,391 - data_processor - INFO - Atribuídos valores Mês=2, Ano=2023 para 1 linhas com competência 'Competência: 02/2023'
2025-05-17 14:27:16,391 - data_processor - INFO - Competência 'COMPETÊNCIA:03/2023' reconhecida com padrão '\b(\d{2})/(\d{4})\b': mês=3, ano=2023
2025-05-17 14:27:16,392 - data_processor - INFO - Atribuídos valores Mês=3, Ano=2023 para 1 linhas com competência 'COMPETÊNCIA:03/2023'
2025-05-17 14:27:16,392 - data_processor - INFO - Competência '04-2023' reconhecida com padrão '\b(\d{2})[-\.](\d{4})\b': mês=4, ano=2023
2025-05-17 14:27:16,393 - data_processor - INFO - Atribuídos valores Mês=4, Ano=2023 para 1 linhas com competência '04-2023'
2025-05-17 14:27:16,393 - data_processor - INFO - Competência '05.2023' reconhecida com padrão '\b(\d{2})[-\.](\d{4})\b': mês=5, ano=2023
2025-05-17 14:27:16,393 - data_processor - INFO - Atribuídos valores Mês=5, Ano=2023 para 1 linhas com competência '05.2023'
2025-05-17 14:27:16,394 - data_processor - INFO - Valores únicos de mês extraídos: [1.0 2.0 3.0 4.0 5.0]
2025-05-17 14:27:16,394 - data_processor - INFO - Valores únicos de ano extraídos: [2023.0]
2025-05-17 14:27:16,394 - data_processor - INFO - Total de linhas com mês/ano atribuídos: 5 de 5
2025-05-17 14:27:16,399 - data_processor - INFO - Processamento de dados concluído.
2025-05-17 14:27:16,399 - data_processor - INFO - Iniciando filtragem por competência: mês=1, ano=None
2025-05-17 14:27:16,399 - data_processor - INFO - DataFrame original: 5 linhas
2025-05-17 14:27:16,399 - data_processor - INFO - Competências únicas antes da filtragem: ['01/2023' 'Competência: 02/2023' 'COMPETÊNCIA:03/2023' '04-2023'
 '05.2023']
2025-05-17 14:27:16,399 - data_processor - INFO - Valores únicos de mês antes da filtragem: [1.0 2.0 3.0 4.0 5.0]
2025-05-17 14:27:16,399 - data_processor - INFO - Valores únicos de ano antes da filtragem: [2023.0]
2025-05-17 14:27:16,400 - data_processor - INFO - Filtrando por mês: 1
2025-05-17 14:27:16,400 - data_processor - INFO - Número de linhas com Mês=1 antes da filtragem: 1
2025-05-17 14:27:16,400 - data_processor - INFO - Após filtrar por mês=1: 1 linhas restantes
2025-05-17 14:27:16,400 - data_processor - INFO - Número de linhas após filtragem completa: 1
2025-05-17 14:27:16,400 - data_processor - INFO - Competências únicas após filtragem: ['01/2023']
2025-05-17 14:27:16,401 - data_processor - INFO - Valores únicos de mês após filtragem: [1.0]
2025-05-17 14:27:16,401 - data_processor - INFO - Valores únicos de ano após filtragem: [2023.0]
2025-05-17 14:27:16,401 - data_processor - INFO - Iniciando filtragem por competência: mês=None, ano=2023
2025-05-17 14:27:16,401 - data_processor - INFO - DataFrame original: 5 linhas
2025-05-17 14:27:16,401 - data_processor - INFO - Competências únicas antes da filtragem: ['01/2023' 'Competência: 02/2023' 'COMPETÊNCIA:03/2023' '04-2023'
 '05.2023']
2025-05-17 14:27:16,401 - data_processor - INFO - Valores únicos de mês antes da filtragem: [1.0 2.0 3.0 4.0 5.0]
2025-05-17 14:27:16,402 - data_processor - INFO - Valores únicos de ano antes da filtragem: [2023.0]
2025-05-17 14:27:16,402 - data_processor - INFO - Filtrando por ano: 2023
2025-05-17 14:27:16,402 - data_processor - INFO - Número de linhas com Ano=2023 antes da filtragem: 5
2025-05-17 14:27:16,403 - data_processor - INFO - Após filtrar por ano=2023: 5 linhas restantes
2025-05-17 14:27:16,403 - data_processor - INFO - Número de linhas após filtragem completa: 5
2025-05-17 14:27:16,403 - data_processor - INFO - Competências únicas após filtragem: ['01/2023' 'Competência: 02/2023' 'COMPETÊNCIA:03/2023' '04-2023'
 '05.2023']
2025-05-17 14:27:16,403 - data_processor - INFO - Valores únicos de mês após filtragem: [1.0 2.0 3.0 4.0 5.0]
2025-05-17 14:27:16,403 - data_processor - INFO - Valores únicos de ano após filtragem: [2023.0]
2025-05-17 14:27:16,404 - data_processor - INFO - Iniciando filtragem por competência: mês=2, ano=2023
2025-05-17 14:27:16,404 - data_processor - INFO - DataFrame original: 5 linhas
2025-05-17 14:27:16,404 - data_processor - INFO - Competências únicas antes da filtragem: ['01/2023' 'Competência: 02/2023' 'COMPETÊNCIA:03/2023' '04-2023'
 '05.2023']
2025-05-17 14:27:16,404 - data_processor - INFO - Valores únicos de mês antes da filtragem: [1.0 2.0 3.0 4.0 5.0]
2025-05-17 14:27:16,404 - data_processor - INFO - Valores únicos de ano antes da filtragem: [2023.0]
2025-05-17 14:27:16,405 - data_processor - INFO - Filtrando por mês: 2
2025-05-17 14:27:16,405 - data_processor - INFO - Número de linhas com Mês=2 antes da filtragem: 1
2025-05-17 14:27:16,405 - data_processor - INFO - Após filtrar por mês=2: 1 linhas restantes
2025-05-17 14:27:16,405 - data_processor - INFO - Filtrando por ano: 2023
2025-05-17 14:27:16,405 - data_processor - INFO - Número de linhas com Ano=2023 antes da filtragem: 1
2025-05-17 14:27:16,406 - data_processor - INFO - Após filtrar por ano=2023: 1 linhas restantes
2025-05-17 14:27:16,406 - data_processor - INFO - Número de linhas após filtragem completa: 1
2025-05-17 14:27:16,406 - data_processor - INFO - Competências únicas após filtragem: ['Competência: 02/2023']
2025-05-17 14:27:16,406 - data_processor - INFO - Valores únicos de mês após filtragem: [2.0]
2025-05-17 14:27:16,407 - data_processor - INFO - Valores únicos de ano após filtragem: [2023.0]
2025-05-17 14:27:16,407 - data_processor - INFO - Iniciando filtragem por competência: mês=6, ano=2024
2025-05-17 14:27:16,407 - data_processor - INFO - DataFrame original: 5 linhas
2025-05-17 14:27:16,407 - data_processor - INFO - Competências únicas antes da filtragem: ['01/2023' 'Competência: 02/2023' 'COMPETÊNCIA:03/2023' '04-2023'
 '05.2023']
2025-05-17 14:27:16,407 - data_processor - INFO - Valores únicos de mês antes da filtragem: [1.0 2.0 3.0 4.0 5.0]
2025-05-17 14:27:16,408 - data_processor - INFO - Valores únicos de ano antes da filtragem: [2023.0]
2025-05-17 14:27:16,408 - data_processor - INFO - Filtrando por mês: 6
2025-05-17 14:27:16,408 - data_processor - INFO - Número de linhas com Mês=6 antes da filtragem: 0
2025-05-17 14:27:16,408 - data_processor - WARNING - Nenhuma linha encontrada com Mês=6
2025-05-17 14:27:16,409 - data_processor - INFO - Após filtrar por mês=6: 0 linhas restantes
2025-05-17 14:27:16,409 - data_processor - INFO - Filtrando por ano: 2024
2025-05-17 14:27:16,409 - data_processor - INFO - Número de linhas com Ano=2024 antes da filtragem: 0
2025-05-17 14:27:16,409 - data_processor - WARNING - Nenhuma linha encontrada com Ano=2024
2025-05-17 14:27:16,409 - data_processor - INFO - Após filtrar por ano=2024: 0 linhas restantes
2025-05-17 14:27:16,409 - data_processor - INFO - Número de linhas após filtragem completa: 0
2025-05-17 14:27:16,410 - data_processor - WARNING - Resultado da filtragem: DataFrame vazio
2025-05-17 14:27:16,410 - data_processor - INFO - Iniciando processamento dos dados...
2025-05-17 14:27:16,410 - data_processor - INFO - Limpando nomes de tomador...
2025-05-17 14:27:16,411 - data_processor - INFO - Encontrados 1 registros com '50 BATALHÃO' no nome do tomador
2025-05-17 14:27:16,411 - data_processor - INFO - Corrigindo alíquota para 1 linhas com BATALHÃO DE INFANTARIA
2025-05-17 14:27:16,412 - data_processor - INFO - Após limpeza: 0 registros com '50 BATALHÃO' no nome do tomador
2025-05-17 14:27:16,414 - data_processor - INFO - Competências únicas encontradas: ['01/2023' 'Competência: 02/2023' 'COMPETÊNCIA:03/2023' '04-2023'
 '05.2023']
2025-05-17 14:27:16,414 - data_processor - INFO - Competência '01/2023' reconhecida com padrão '\b(\d{2})/(\d{4})\b': mês=1, ano=2023
2025-05-17 14:27:16,414 - data_processor - INFO - Atribuídos valores Mês=1, Ano=2023 para 1 linhas com competência '01/2023'
2025-05-17 14:27:16,414 - data_processor - INFO - Competência 'Competência: 02/2023' reconhecida com padrão '\b(\d{2})/(\d{4})\b': mês=2, ano=2023
2025-05-17 14:27:16,415 - data_processor - INFO - Atribuídos valores Mês=2, Ano=2023 para 1 linhas com competência 'Competência: 02/2023'
2025-05-17 14:27:16,415 - data_processor - INFO - Competência 'COMPETÊNCIA:03/2023' reconhecida com padrão '\b(\d{2})/(\d{4})\b': mês=3, ano=2023
2025-05-17 14:27:16,415 - data_processor - INFO - Atribuídos valores Mês=3, Ano=2023 para 1 linhas com competência 'COMPETÊNCIA:03/2023'
2025-05-17 14:27:16,415 - data_processor - INFO - Competência '04-2023' reconhecida com padrão '\b(\d{2})[-\.](\d{4})\b': mês=4, ano=2023
2025-05-17 14:27:16,416 - data_processor - INFO - Atribuídos valores Mês=4, Ano=2023 para 1 linhas com competência '04-2023'
2025-05-17 14:27:16,416 - data_processor - INFO - Competência '05.2023' reconhecida com padrão '\b(\d{2})[-\.](\d{4})\b': mês=5, ano=2023
2025-05-17 14:27:16,416 - data_processor - INFO - Atribuídos valores Mês=5, Ano=2023 para 1 linhas com competência '05.2023'
2025-05-17 14:27:16,417 - data_processor - INFO - Valores únicos de mês extraídos: [1.0 2.0 3.0 4.0 5.0]
2025-05-17 14:27:16,417 - data_processor - INFO - Valores únicos de ano extraídos: [2023.0]
2025-05-17 14:27:16,417 - data_processor - INFO - Total de linhas com mês/ano atribuídos: 5 de 5
2025-05-17 14:27:16,421 - data_processor - INFO - Processamento de dados concluído.
2025-05-17 14:27:16,422 - data_processor - INFO - Iniciando processamento dos dados...
2025-05-17 14:27:16,422 - data_processor - INFO - Limpando nomes de tomador...
2025-05-17 14:27:16,423 - data_processor - INFO - Após limpeza: 0 registros com '50 BATALHÃO' no nome do tomador
2025-05-17 14:27:16,425 - data_processor - INFO - Competências únicas encontradas: ['01/2023' 'None']
2025-05-17 14:27:16,425 - data_processor - INFO - Competência '01/2023' reconhecida com padrão '\b(\d{2})/(\d{4})\b': mês=1, ano=2023
2025-05-17 14:27:16,425 - data_processor - INFO - Atribuídos valores Mês=1, Ano=2023 para 1 linhas com competência '01/2023'
2025-05-17 14:27:16,426 - data_processor - WARNING - Ainda existem 1 linhas sem mês/ano atribuídos após processamento
2025-05-17 14:27:16,426 - data_processor - INFO - Valores únicos de mês extraídos: [1.0 <NA>]
2025-05-17 14:27:16,426 - data_processor - INFO - Valores únicos de ano extraídos: [2023.0 <NA>]
2025-05-17 14:27:16,426 - data_processor - INFO - Total de linhas com mês/ano atribuídos: 1 de 2
2025-05-17 14:27:16,430 - data_processor - INFO - Processamento de dados concluído.
2025-05-17 14:27:50,799 - data_processor - INFO - Competências únicas encontradas: ['01/2023' 'Competência: 02/2023' 'COMPETÊNCIA:03/2023' '04-2023'
 '05.2023']
2025-05-17 14:27:50,800 - data_processor - INFO - Competência '01/2023' reconhecida com padrão '\b(\d{2})/(\d{4})\b': mês=1, ano=2023
2025-05-17 14:27:50,801 - data_processor - INFO - Atribuídos valores Mês=1, Ano=2023 para 1 linhas com competência '01/2023'
2025-05-17 14:27:50,801 - data_processor - INFO - Competência 'Competência: 02/2023' reconhecida com padrão '\b(\d{2})/(\d{4})\b': mês=2, ano=2023
2025-05-17 14:27:50,802 - data_processor - INFO - Atribuídos valores Mês=2, Ano=2023 para 1 linhas com competência 'Competência: 02/2023'
2025-05-17 14:27:50,802 - data_processor - INFO - Competência 'COMPETÊNCIA:03/2023' reconhecida com padrão '\b(\d{2})/(\d{4})\b': mês=3, ano=2023
2025-05-17 14:27:50,803 - data_processor - INFO - Atribuídos valores Mês=3, Ano=2023 para 1 linhas com competência 'COMPETÊNCIA:03/2023'
2025-05-17 14:27:50,804 - data_processor - INFO - Competência '04-2023' reconhecida com padrão '\b(\d{2})[-\.](\d{4})\b': mês=4, ano=2023
2025-05-17 14:27:50,804 - data_processor - INFO - Atribuídos valores Mês=4, Ano=2023 para 1 linhas com competência '04-2023'
2025-05-17 14:27:50,804 - data_processor - INFO - Competência '05.2023' reconhecida com padrão '\b(\d{2})[-\.](\d{4})\b': mês=5, ano=2023
2025-05-17 14:27:50,805 - data_processor - INFO - Atribuídos valores Mês=5, Ano=2023 para 1 linhas com competência '05.2023'
2025-05-17 14:27:50,805 - data_processor - INFO - Valores únicos de mês extraídos: [1.0 2.0 3.0 4.0 5.0]
2025-05-17 14:27:50,806 - data_processor - INFO - Valores únicos de ano extraídos: [2023.0]
2025-05-17 14:27:50,806 - data_processor - INFO - Total de linhas com mês/ano atribuídos: 5 de 5
2025-05-17 14:27:50,813 - data_processor - INFO - Iniciando processamento dos dados...
2025-05-17 14:27:50,813 - data_processor - INFO - Limpando nomes de tomador...
2025-05-17 14:27:50,813 - data_processor - INFO - Encontrados 1 registros com '50 BATALHÃO' no nome do tomador
2025-05-17 14:27:50,813 - data_processor - INFO - Corrigindo alíquota para 1 linhas com BATALHÃO DE INFANTARIA
2025-05-17 14:27:50,815 - data_processor - INFO - Após limpeza: 0 registros com '50 BATALHÃO' no nome do tomador
2025-05-17 14:27:50,817 - data_processor - INFO - Competências únicas encontradas: ['01/2023' 'Competência: 02/2023' 'COMPETÊNCIA:03/2023' '04-2023'
 '05.2023']
2025-05-17 14:27:50,817 - data_processor - INFO - Competência '01/2023' reconhecida com padrão '\b(\d{2})/(\d{4})\b': mês=1, ano=2023
2025-05-17 14:27:50,818 - data_processor - INFO - Atribuídos valores Mês=1, Ano=2023 para 1 linhas com competência '01/2023'
2025-05-17 14:27:50,818 - data_processor - INFO - Competência 'Competência: 02/2023' reconhecida com padrão '\b(\d{2})/(\d{4})\b': mês=2, ano=2023
2025-05-17 14:27:50,819 - data_processor - INFO - Atribuídos valores Mês=2, Ano=2023 para 1 linhas com competência 'Competência: 02/2023'
2025-05-17 14:27:50,819 - data_processor - INFO - Competência 'COMPETÊNCIA:03/2023' reconhecida com padrão '\b(\d{2})/(\d{4})\b': mês=3, ano=2023
2025-05-17 14:27:50,820 - data_processor - INFO - Atribuídos valores Mês=3, Ano=2023 para 1 linhas com competência 'COMPETÊNCIA:03/2023'
2025-05-17 14:27:50,820 - data_processor - INFO - Competência '04-2023' reconhecida com padrão '\b(\d{2})[-\.](\d{4})\b': mês=4, ano=2023
2025-05-17 14:27:50,821 - data_processor - INFO - Atribuídos valores Mês=4, Ano=2023 para 1 linhas com competência '04-2023'
2025-05-17 14:27:50,821 - data_processor - INFO - Competência '05.2023' reconhecida com padrão '\b(\d{2})[-\.](\d{4})\b': mês=5, ano=2023
2025-05-17 14:27:50,822 - data_processor - INFO - Atribuídos valores Mês=5, Ano=2023 para 1 linhas com competência '05.2023'
2025-05-17 14:27:50,822 - data_processor - INFO - Valores únicos de mês extraídos: [1.0 2.0 3.0 4.0 5.0]
2025-05-17 14:27:50,822 - data_processor - INFO - Valores únicos de ano extraídos: [2023.0]
2025-05-17 14:27:50,822 - data_processor - INFO - Total de linhas com mês/ano atribuídos: 5 de 5
2025-05-17 14:27:50,827 - data_processor - INFO - Processamento de dados concluído.
2025-05-17 14:27:50,827 - data_processor - INFO - Iniciando filtragem por competência: mês=1, ano=None
2025-05-17 14:27:50,827 - data_processor - INFO - DataFrame original: 5 linhas
2025-05-17 14:27:50,827 - data_processor - INFO - Competências únicas antes da filtragem: ['01/2023' 'Competência: 02/2023' 'COMPETÊNCIA:03/2023' '04-2023'
 '05.2023']
2025-05-17 14:27:50,827 - data_processor - INFO - Valores únicos de mês antes da filtragem: [1.0 2.0 3.0 4.0 5.0]
2025-05-17 14:27:50,828 - data_processor - INFO - Valores únicos de ano antes da filtragem: [2023.0]
2025-05-17 14:27:50,828 - data_processor - INFO - Filtrando por mês: 1
2025-05-17 14:27:50,828 - data_processor - INFO - Número de linhas com Mês=1 antes da filtragem: 1
2025-05-17 14:27:50,828 - data_processor - INFO - Após filtrar por mês=1: 1 linhas restantes
2025-05-17 14:27:50,828 - data_processor - INFO - Número de linhas após filtragem completa: 1
2025-05-17 14:27:50,828 - data_processor - INFO - Competências únicas após filtragem: ['01/2023']
2025-05-17 14:27:50,829 - data_processor - INFO - Valores únicos de mês após filtragem: [1.0]
2025-05-17 14:27:50,829 - data_processor - INFO - Valores únicos de ano após filtragem: [2023.0]
2025-05-17 14:27:50,829 - data_processor - INFO - Iniciando filtragem por competência: mês=None, ano=2023
2025-05-17 14:27:50,829 - data_processor - INFO - DataFrame original: 5 linhas
2025-05-17 14:27:50,829 - data_processor - INFO - Competências únicas antes da filtragem: ['01/2023' 'Competência: 02/2023' 'COMPETÊNCIA:03/2023' '04-2023'
 '05.2023']
2025-05-17 14:27:50,829 - data_processor - INFO - Valores únicos de mês antes da filtragem: [1.0 2.0 3.0 4.0 5.0]
2025-05-17 14:27:50,830 - data_processor - INFO - Valores únicos de ano antes da filtragem: [2023.0]
2025-05-17 14:27:50,830 - data_processor - INFO - Filtrando por ano: 2023
2025-05-17 14:27:50,830 - data_processor - INFO - Número de linhas com Ano=2023 antes da filtragem: 5
2025-05-17 14:27:50,830 - data_processor - INFO - Após filtrar por ano=2023: 5 linhas restantes
2025-05-17 14:27:50,830 - data_processor - INFO - Número de linhas após filtragem completa: 5
2025-05-17 14:27:50,831 - data_processor - INFO - Competências únicas após filtragem: ['01/2023' 'Competência: 02/2023' 'COMPETÊNCIA:03/2023' '04-2023'
 '05.2023']
2025-05-17 14:27:50,831 - data_processor - INFO - Valores únicos de mês após filtragem: [1.0 2.0 3.0 4.0 5.0]
2025-05-17 14:27:50,831 - data_processor - INFO - Valores únicos de ano após filtragem: [2023.0]
2025-05-17 14:27:50,831 - data_processor - INFO - Iniciando filtragem por competência: mês=2, ano=2023
2025-05-17 14:27:50,831 - data_processor - INFO - DataFrame original: 5 linhas
2025-05-17 14:27:50,831 - data_processor - INFO - Competências únicas antes da filtragem: ['01/2023' 'Competência: 02/2023' 'COMPETÊNCIA:03/2023' '04-2023'
 '05.2023']
2025-05-17 14:27:50,831 - data_processor - INFO - Valores únicos de mês antes da filtragem: [1.0 2.0 3.0 4.0 5.0]
2025-05-17 14:27:50,832 - data_processor - INFO - Valores únicos de ano antes da filtragem: [2023.0]
2025-05-17 14:27:50,832 - data_processor - INFO - Filtrando por mês: 2
2025-05-17 14:27:50,832 - data_processor - INFO - Número de linhas com Mês=2 antes da filtragem: 1
2025-05-17 14:27:50,832 - data_processor - INFO - Após filtrar por mês=2: 1 linhas restantes
2025-05-17 14:27:50,832 - data_processor - INFO - Filtrando por ano: 2023
2025-05-17 14:27:50,833 - data_processor - INFO - Número de linhas com Ano=2023 antes da filtragem: 1
2025-05-17 14:27:50,833 - data_processor - INFO - Após filtrar por ano=2023: 1 linhas restantes
2025-05-17 14:27:50,833 - data_processor - INFO - Número de linhas após filtragem completa: 1
2025-05-17 14:27:50,833 - data_processor - INFO - Competências únicas após filtragem: ['Competência: 02/2023']
2025-05-17 14:27:50,833 - data_processor - INFO - Valores únicos de mês após filtragem: [2.0]
2025-05-17 14:27:50,833 - data_processor - INFO - Valores únicos de ano após filtragem: [2023.0]
2025-05-17 14:27:50,834 - data_processor - INFO - Iniciando filtragem por competência: mês=6, ano=2024
2025-05-17 14:27:50,834 - data_processor - INFO - DataFrame original: 5 linhas
2025-05-17 14:27:50,834 - data_processor - INFO - Competências únicas antes da filtragem: ['01/2023' 'Competência: 02/2023' 'COMPETÊNCIA:03/2023' '04-2023'
 '05.2023']
2025-05-17 14:27:50,834 - data_processor - INFO - Valores únicos de mês antes da filtragem: [1.0 2.0 3.0 4.0 5.0]
2025-05-17 14:27:50,834 - data_processor - INFO - Valores únicos de ano antes da filtragem: [2023.0]
2025-05-17 14:27:50,835 - data_processor - INFO - Filtrando por mês: 6
2025-05-17 14:27:50,835 - data_processor - INFO - Número de linhas com Mês=6 antes da filtragem: 0
2025-05-17 14:27:50,835 - data_processor - WARNING - Nenhuma linha encontrada com Mês=6
2025-05-17 14:27:50,836 - data_processor - INFO - Após filtrar por mês=6: 0 linhas restantes
2025-05-17 14:27:50,836 - data_processor - INFO - Filtrando por ano: 2024
2025-05-17 14:27:50,836 - data_processor - INFO - Número de linhas com Ano=2024 antes da filtragem: 0
2025-05-17 14:27:50,837 - data_processor - WARNING - Nenhuma linha encontrada com Ano=2024
2025-05-17 14:27:50,837 - data_processor - INFO - Após filtrar por ano=2024: 0 linhas restantes
2025-05-17 14:27:50,837 - data_processor - INFO - Número de linhas após filtragem completa: 0
2025-05-17 14:27:50,837 - data_processor - WARNING - Resultado da filtragem: DataFrame vazio
2025-05-17 14:27:50,838 - data_processor - INFO - Iniciando processamento dos dados...
2025-05-17 14:27:50,838 - data_processor - INFO - Limpando nomes de tomador...
2025-05-17 14:27:50,839 - data_processor - INFO - Encontrados 1 registros com '50 BATALHÃO' no nome do tomador
2025-05-17 14:27:50,839 - data_processor - INFO - Corrigindo alíquota para 1 linhas com BATALHÃO DE INFANTARIA
2025-05-17 14:27:50,841 - data_processor - INFO - Após limpeza: 0 registros com '50 BATALHÃO' no nome do tomador
2025-05-17 14:27:50,844 - data_processor - INFO - Competências únicas encontradas: ['01/2023' 'Competência: 02/2023' 'COMPETÊNCIA:03/2023' '04-2023'
 '05.2023']
2025-05-17 14:27:50,844 - data_processor - INFO - Competência '01/2023' reconhecida com padrão '\b(\d{2})/(\d{4})\b': mês=1, ano=2023
2025-05-17 14:27:50,845 - data_processor - INFO - Atribuídos valores Mês=1, Ano=2023 para 1 linhas com competência '01/2023'
2025-05-17 14:27:50,845 - data_processor - INFO - Competência 'Competência: 02/2023' reconhecida com padrão '\b(\d{2})/(\d{4})\b': mês=2, ano=2023
2025-05-17 14:27:50,846 - data_processor - INFO - Atribuídos valores Mês=2, Ano=2023 para 1 linhas com competência 'Competência: 02/2023'
2025-05-17 14:27:50,846 - data_processor - INFO - Competência 'COMPETÊNCIA:03/2023' reconhecida com padrão '\b(\d{2})/(\d{4})\b': mês=3, ano=2023
2025-05-17 14:27:50,846 - data_processor - INFO - Atribuídos valores Mês=3, Ano=2023 para 1 linhas com competência 'COMPETÊNCIA:03/2023'
2025-05-17 14:27:50,846 - data_processor - INFO - Competência '04-2023' reconhecida com padrão '\b(\d{2})[-\.](\d{4})\b': mês=4, ano=2023
2025-05-17 14:27:50,847 - data_processor - INFO - Atribuídos valores Mês=4, Ano=2023 para 1 linhas com competência '04-2023'
2025-05-17 14:27:50,847 - data_processor - INFO - Competência '05.2023' reconhecida com padrão '\b(\d{2})[-\.](\d{4})\b': mês=5, ano=2023
2025-05-17 14:27:50,847 - data_processor - INFO - Atribuídos valores Mês=5, Ano=2023 para 1 linhas com competência '05.2023'
2025-05-17 14:27:50,847 - data_processor - INFO - Valores únicos de mês extraídos: [1.0 2.0 3.0 4.0 5.0]
2025-05-17 14:27:50,848 - data_processor - INFO - Valores únicos de ano extraídos: [2023.0]
2025-05-17 14:27:50,848 - data_processor - INFO - Total de linhas com mês/ano atribuídos: 5 de 5
2025-05-17 14:27:50,852 - data_processor - INFO - Processamento de dados concluído.
2025-05-17 14:27:50,853 - data_processor - INFO - Iniciando processamento dos dados...
2025-05-17 14:27:50,853 - data_processor - INFO - Limpando nomes de tomador...
2025-05-17 14:27:50,854 - data_processor - INFO - Após limpeza: 0 registros com '50 BATALHÃO' no nome do tomador
2025-05-17 14:27:50,856 - data_processor - INFO - Competências únicas encontradas: ['01/2023' 'None']
2025-05-17 14:27:50,856 - data_processor - INFO - Competência '01/2023' reconhecida com padrão '\b(\d{2})/(\d{4})\b': mês=1, ano=2023
2025-05-17 14:27:50,857 - data_processor - INFO - Atribuídos valores Mês=1, Ano=2023 para 1 linhas com competência '01/2023'
2025-05-17 14:27:50,857 - data_processor - WARNING - Ainda existem 1 linhas sem mês/ano atribuídos após processamento
2025-05-17 14:27:50,858 - data_processor - INFO - Valores únicos de mês extraídos: [1.0 <NA>]
2025-05-17 14:27:50,858 - data_processor - INFO - Valores únicos de ano extraídos: [2023.0 <NA>]
2025-05-17 14:27:50,858 - data_processor - INFO - Total de linhas com mês/ano atribuídos: 1 de 2
2025-05-17 14:27:50,863 - data_processor - INFO - Processamento de dados concluído.
2025-05-17 14:28:14,665 - data_processor - INFO - Competências únicas encontradas: ['01/2023' 'Competência: 02/2023' 'COMPETÊNCIA:03/2023' '04-2023'
 '05.2023']
2025-05-17 14:28:14,666 - data_processor - INFO - Competência '01/2023' reconhecida com padrão '\b(\d{2})/(\d{4})\b': mês=1, ano=2023
2025-05-17 14:28:14,666 - data_processor - INFO - Atribuídos valores Mês=1, Ano=2023 para 1 linhas com competência '01/2023'
2025-05-17 14:28:14,666 - data_processor - INFO - Competência 'Competência: 02/2023' reconhecida com padrão '\b(\d{2})/(\d{4})\b': mês=2, ano=2023
2025-05-17 14:28:14,667 - data_processor - INFO - Atribuídos valores Mês=2, Ano=2023 para 1 linhas com competência 'Competência: 02/2023'
2025-05-17 14:28:14,668 - data_processor - INFO - Competência 'COMPETÊNCIA:03/2023' reconhecida com padrão '\b(\d{2})/(\d{4})\b': mês=3, ano=2023
2025-05-17 14:28:14,668 - data_processor - INFO - Atribuídos valores Mês=3, Ano=2023 para 1 linhas com competência 'COMPETÊNCIA:03/2023'
2025-05-17 14:28:14,669 - data_processor - INFO - Competência '04-2023' reconhecida com padrão '\b(\d{2})[-\.](\d{4})\b': mês=4, ano=2023
2025-05-17 14:28:14,669 - data_processor - INFO - Atribuídos valores Mês=4, Ano=2023 para 1 linhas com competência '04-2023'
2025-05-17 14:28:14,669 - data_processor - INFO - Competência '05.2023' reconhecida com padrão '\b(\d{2})[-\.](\d{4})\b': mês=5, ano=2023
2025-05-17 14:28:14,670 - data_processor - INFO - Atribuídos valores Mês=5, Ano=2023 para 1 linhas com competência '05.2023'
2025-05-17 14:28:14,671 - data_processor - INFO - Valores únicos de mês extraídos: [1.0 2.0 3.0 4.0 5.0]
2025-05-17 14:28:14,671 - data_processor - INFO - Valores únicos de ano extraídos: [2023.0]
2025-05-17 14:28:14,671 - data_processor - INFO - Total de linhas com mês/ano atribuídos: 5 de 5
2025-05-17 14:28:14,677 - data_processor - INFO - Iniciando processamento dos dados...
2025-05-17 14:28:14,678 - data_processor - INFO - Limpando nomes de tomador...
2025-05-17 14:28:14,678 - data_processor - INFO - Encontrados 1 registros com '50 BATALHÃO' no nome do tomador
2025-05-17 14:28:14,678 - data_processor - INFO - Corrigindo alíquota para 1 linhas com BATALHÃO DE INFANTARIA
2025-05-17 14:28:14,679 - data_processor - INFO - Após limpeza: 0 registros com '50 BATALHÃO' no nome do tomador
2025-05-17 14:28:14,682 - data_processor - INFO - Competências únicas encontradas: ['01/2023' 'Competência: 02/2023' 'COMPETÊNCIA:03/2023' '04-2023'
 '05.2023']
2025-05-17 14:28:14,682 - data_processor - INFO - Competência '01/2023' reconhecida com padrão '\b(\d{2})/(\d{4})\b': mês=1, ano=2023
2025-05-17 14:28:14,683 - data_processor - INFO - Atribuídos valores Mês=1, Ano=2023 para 1 linhas com competência '01/2023'
2025-05-17 14:28:14,683 - data_processor - INFO - Competência 'Competência: 02/2023' reconhecida com padrão '\b(\d{2})/(\d{4})\b': mês=2, ano=2023
2025-05-17 14:28:14,683 - data_processor - INFO - Atribuídos valores Mês=2, Ano=2023 para 1 linhas com competência 'Competência: 02/2023'
2025-05-17 14:28:14,683 - data_processor - INFO - Competência 'COMPETÊNCIA:03/2023' reconhecida com padrão '\b(\d{2})/(\d{4})\b': mês=3, ano=2023
2025-05-17 14:28:14,684 - data_processor - INFO - Atribuídos valores Mês=3, Ano=2023 para 1 linhas com competência 'COMPETÊNCIA:03/2023'
2025-05-17 14:28:14,684 - data_processor - INFO - Competência '04-2023' reconhecida com padrão '\b(\d{2})[-\.](\d{4})\b': mês=4, ano=2023
2025-05-17 14:28:14,684 - data_processor - INFO - Atribuídos valores Mês=4, Ano=2023 para 1 linhas com competência '04-2023'
2025-05-17 14:28:14,684 - data_processor - INFO - Competência '05.2023' reconhecida com padrão '\b(\d{2})[-\.](\d{4})\b': mês=5, ano=2023
2025-05-17 14:28:14,685 - data_processor - INFO - Atribuídos valores Mês=5, Ano=2023 para 1 linhas com competência '05.2023'
2025-05-17 14:28:14,685 - data_processor - INFO - Valores únicos de mês extraídos: [1.0 2.0 3.0 4.0 5.0]
2025-05-17 14:28:14,685 - data_processor - INFO - Valores únicos de ano extraídos: [2023.0]
2025-05-17 14:28:14,685 - data_processor - INFO - Total de linhas com mês/ano atribuídos: 5 de 5
2025-05-17 14:28:14,689 - data_processor - INFO - Processamento de dados concluído.
2025-05-17 14:28:14,690 - data_processor - INFO - Iniciando filtragem por competência: mês=1, ano=None
2025-05-17 14:28:14,690 - data_processor - INFO - DataFrame original: 5 linhas
2025-05-17 14:28:14,690 - data_processor - INFO - Competências únicas antes da filtragem: ['01/2023' 'Competência: 02/2023' 'COMPETÊNCIA:03/2023' '04-2023'
 '05.2023']
2025-05-17 14:28:14,690 - data_processor - INFO - Valores únicos de mês antes da filtragem: [1.0 2.0 3.0 4.0 5.0]
2025-05-17 14:28:14,690 - data_processor - INFO - Valores únicos de ano antes da filtragem: [2023.0]
2025-05-17 14:28:14,690 - data_processor - INFO - Filtrando por mês: 1
2025-05-17 14:28:14,691 - data_processor - INFO - Número de linhas com Mês=1 antes da filtragem: 1
2025-05-17 14:28:14,691 - data_processor - INFO - Após filtrar por mês=1: 1 linhas restantes
2025-05-17 14:28:14,691 - data_processor - INFO - Número de linhas após filtragem completa: 1
2025-05-17 14:28:14,691 - data_processor - INFO - Competências únicas após filtragem: ['01/2023']
2025-05-17 14:28:14,691 - data_processor - INFO - Valores únicos de mês após filtragem: [1.0]
2025-05-17 14:28:14,691 - data_processor - INFO - Valores únicos de ano após filtragem: [2023.0]
2025-05-17 14:28:14,692 - data_processor - INFO - Iniciando filtragem por competência: mês=None, ano=2023
2025-05-17 14:28:14,692 - data_processor - INFO - DataFrame original: 5 linhas
2025-05-17 14:28:14,692 - data_processor - INFO - Competências únicas antes da filtragem: ['01/2023' 'Competência: 02/2023' 'COMPETÊNCIA:03/2023' '04-2023'
 '05.2023']
2025-05-17 14:28:14,692 - data_processor - INFO - Valores únicos de mês antes da filtragem: [1.0 2.0 3.0 4.0 5.0]
2025-05-17 14:28:14,692 - data_processor - INFO - Valores únicos de ano antes da filtragem: [2023.0]
2025-05-17 14:28:14,693 - data_processor - INFO - Filtrando por ano: 2023
2025-05-17 14:28:14,693 - data_processor - INFO - Número de linhas com Ano=2023 antes da filtragem: 5
2025-05-17 14:28:14,693 - data_processor - INFO - Após filtrar por ano=2023: 5 linhas restantes
2025-05-17 14:28:14,693 - data_processor - INFO - Número de linhas após filtragem completa: 5
2025-05-17 14:28:14,693 - data_processor - INFO - Competências únicas após filtragem: ['01/2023' 'Competência: 02/2023' 'COMPETÊNCIA:03/2023' '04-2023'
 '05.2023']
2025-05-17 14:28:14,693 - data_processor - INFO - Valores únicos de mês após filtragem: [1.0 2.0 3.0 4.0 5.0]
2025-05-17 14:28:14,694 - data_processor - INFO - Valores únicos de ano após filtragem: [2023.0]
2025-05-17 14:28:14,694 - data_processor - INFO - Iniciando filtragem por competência: mês=2, ano=2023
2025-05-17 14:28:14,694 - data_processor - INFO - DataFrame original: 5 linhas
2025-05-17 14:28:14,694 - data_processor - INFO - Competências únicas antes da filtragem: ['01/2023' 'Competência: 02/2023' 'COMPETÊNCIA:03/2023' '04-2023'
 '05.2023']
2025-05-17 14:28:14,694 - data_processor - INFO - Valores únicos de mês antes da filtragem: [1.0 2.0 3.0 4.0 5.0]
2025-05-17 14:28:14,694 - data_processor - INFO - Valores únicos de ano antes da filtragem: [2023.0]
2025-05-17 14:28:14,695 - data_processor - INFO - Filtrando por mês: 2
2025-05-17 14:28:14,695 - data_processor - INFO - Número de linhas com Mês=2 antes da filtragem: 1
2025-05-17 14:28:14,695 - data_processor - INFO - Após filtrar por mês=2: 1 linhas restantes
2025-05-17 14:28:14,695 - data_processor - INFO - Filtrando por ano: 2023
2025-05-17 14:28:14,695 - data_processor - INFO - Número de linhas com Ano=2023 antes da filtragem: 1
2025-05-17 14:28:14,695 - data_processor - INFO - Após filtrar por ano=2023: 1 linhas restantes
2025-05-17 14:28:14,696 - data_processor - INFO - Número de linhas após filtragem completa: 1
2025-05-17 14:28:14,696 - data_processor - INFO - Competências únicas após filtragem: ['Competência: 02/2023']
2025-05-17 14:28:14,696 - data_processor - INFO - Valores únicos de mês após filtragem: [2.0]
2025-05-17 14:28:14,696 - data_processor - INFO - Valores únicos de ano após filtragem: [2023.0]
2025-05-17 14:28:14,696 - data_processor - INFO - Iniciando filtragem por competência: mês=6, ano=2024
2025-05-17 14:28:14,696 - data_processor - INFO - DataFrame original: 5 linhas
2025-05-17 14:28:14,697 - data_processor - INFO - Competências únicas antes da filtragem: ['01/2023' 'Competência: 02/2023' 'COMPETÊNCIA:03/2023' '04-2023'
 '05.2023']
2025-05-17 14:28:14,697 - data_processor - INFO - Valores únicos de mês antes da filtragem: [1.0 2.0 3.0 4.0 5.0]
2025-05-17 14:28:14,697 - data_processor - INFO - Valores únicos de ano antes da filtragem: [2023.0]
2025-05-17 14:28:14,697 - data_processor - INFO - Filtrando por mês: 6
2025-05-17 14:28:14,697 - data_processor - INFO - Número de linhas com Mês=6 antes da filtragem: 0
2025-05-17 14:28:14,697 - data_processor - WARNING - Nenhuma linha encontrada com Mês=6
2025-05-17 14:28:14,698 - data_processor - INFO - Após filtrar por mês=6: 0 linhas restantes
2025-05-17 14:28:14,698 - data_processor - INFO - Filtrando por ano: 2024
2025-05-17 14:28:14,698 - data_processor - INFO - Número de linhas com Ano=2024 antes da filtragem: 0
2025-05-17 14:28:14,698 - data_processor - WARNING - Nenhuma linha encontrada com Ano=2024
2025-05-17 14:28:14,698 - data_processor - INFO - Após filtrar por ano=2024: 0 linhas restantes
2025-05-17 14:28:14,698 - data_processor - INFO - Número de linhas após filtragem completa: 0
2025-05-17 14:28:14,698 - data_processor - WARNING - Resultado da filtragem: DataFrame vazio
2025-05-17 14:28:14,699 - data_processor - INFO - Iniciando processamento dos dados...
2025-05-17 14:28:14,699 - data_processor - INFO - Limpando nomes de tomador...
2025-05-17 14:28:14,699 - data_processor - INFO - Encontrados 1 registros com '50 BATALHÃO' no nome do tomador
2025-05-17 14:28:14,700 - data_processor - INFO - Corrigindo alíquota para 1 linhas com BATALHÃO DE INFANTARIA
2025-05-17 14:28:14,701 - data_processor - INFO - Após limpeza: 0 registros com '50 BATALHÃO' no nome do tomador
2025-05-17 14:28:14,702 - data_processor - INFO - Competências únicas encontradas: ['01/2023' 'Competência: 02/2023' 'COMPETÊNCIA:03/2023' '04-2023'
 '05.2023']
2025-05-17 14:28:14,703 - data_processor - INFO - Competência '01/2023' reconhecida com padrão '\b(\d{2})/(\d{4})\b': mês=1, ano=2023
2025-05-17 14:28:14,703 - data_processor - INFO - Atribuídos valores Mês=1, Ano=2023 para 1 linhas com competência '01/2023'
2025-05-17 14:28:14,703 - data_processor - INFO - Competência 'Competência: 02/2023' reconhecida com padrão '\b(\d{2})/(\d{4})\b': mês=2, ano=2023
2025-05-17 14:28:14,704 - data_processor - INFO - Atribuídos valores Mês=2, Ano=2023 para 1 linhas com competência 'Competência: 02/2023'
2025-05-17 14:28:14,704 - data_processor - INFO - Competência 'COMPETÊNCIA:03/2023' reconhecida com padrão '\b(\d{2})/(\d{4})\b': mês=3, ano=2023
2025-05-17 14:28:14,704 - data_processor - INFO - Atribuídos valores Mês=3, Ano=2023 para 1 linhas com competência 'COMPETÊNCIA:03/2023'
2025-05-17 14:28:14,704 - data_processor - INFO - Competência '04-2023' reconhecida com padrão '\b(\d{2})[-\.](\d{4})\b': mês=4, ano=2023
2025-05-17 14:28:14,705 - data_processor - INFO - Atribuídos valores Mês=4, Ano=2023 para 1 linhas com competência '04-2023'
2025-05-17 14:28:14,705 - data_processor - INFO - Competência '05.2023' reconhecida com padrão '\b(\d{2})[-\.](\d{4})\b': mês=5, ano=2023
2025-05-17 14:28:14,705 - data_processor - INFO - Atribuídos valores Mês=5, Ano=2023 para 1 linhas com competência '05.2023'
2025-05-17 14:28:14,705 - data_processor - INFO - Valores únicos de mês extraídos: [1.0 2.0 3.0 4.0 5.0]
2025-05-17 14:28:14,705 - data_processor - INFO - Valores únicos de ano extraídos: [2023.0]
2025-05-17 14:28:14,706 - data_processor - INFO - Total de linhas com mês/ano atribuídos: 5 de 5
2025-05-17 14:28:14,710 - data_processor - INFO - Processamento de dados concluído.
2025-05-17 14:28:14,710 - data_processor - INFO - Iniciando processamento dos dados...
2025-05-17 14:28:14,711 - data_processor - INFO - Limpando nomes de tomador...
2025-05-17 14:28:14,711 - data_processor - INFO - Após limpeza: 0 registros com '50 BATALHÃO' no nome do tomador
2025-05-17 14:28:14,713 - data_processor - INFO - Competências únicas encontradas: ['01/2023' 'None']
2025-05-17 14:28:14,713 - data_processor - INFO - Competência '01/2023' reconhecida com padrão '\b(\d{2})/(\d{4})\b': mês=1, ano=2023
2025-05-17 14:28:14,713 - data_processor - INFO - Atribuídos valores Mês=1, Ano=2023 para 1 linhas com competência '01/2023'
2025-05-17 14:28:14,714 - data_processor - WARNING - Ainda existem 1 linhas sem mês/ano atribuídos após processamento
2025-05-17 14:28:14,714 - data_processor - INFO - Valores únicos de mês extraídos: [1.0 <NA>]
2025-05-17 14:28:14,714 - data_processor - INFO - Valores únicos de ano extraídos: [2023.0 <NA>]
2025-05-17 14:28:14,714 - data_processor - INFO - Total de linhas com mês/ano atribuídos: 1 de 2
2025-05-17 14:28:14,718 - data_processor - INFO - Processamento de dados concluído.
2025-05-17 14:28:47,328 - data_processor - INFO - Iniciando processamento dos dados...
2025-05-17 14:28:47,328 - data_processor - INFO - Limpando nomes de tomador...
2025-05-17 14:28:47,329 - data_processor - INFO - Encontrados 1 registros com '50 BATALHÃO' no nome do tomador
2025-05-17 14:28:47,330 - data_processor - INFO - Corrigindo alíquota para 1 linhas com BATALHÃO DE INFANTARIA
2025-05-17 14:28:47,331 - data_processor - INFO - Após limpeza: 0 registros com '50 BATALHÃO' no nome do tomador
2025-05-17 14:28:47,334 - data_processor - INFO - Competências únicas encontradas: ['01/2023' 'Competência: 02/2023' 'COMPETÊNCIA:03/2023' '04-2023'
 '05.2023']
2025-05-17 14:28:47,335 - data_processor - INFO - Competência '01/2023' reconhecida com padrão '\b(\d{2})/(\d{4})\b': mês=1, ano=2023
2025-05-17 14:28:47,336 - data_processor - INFO - Atribuídos valores Mês=1, Ano=2023 para 1 linhas com competência '01/2023'
2025-05-17 14:28:47,336 - data_processor - INFO - Competência 'Competência: 02/2023' reconhecida com padrão '\b(\d{2})/(\d{4})\b': mês=2, ano=2023
2025-05-17 14:28:47,336 - data_processor - INFO - Atribuídos valores Mês=2, Ano=2023 para 1 linhas com competência 'Competência: 02/2023'
2025-05-17 14:28:47,336 - data_processor - INFO - Competência 'COMPETÊNCIA:03/2023' reconhecida com padrão '\b(\d{2})/(\d{4})\b': mês=3, ano=2023
2025-05-17 14:28:47,337 - data_processor - INFO - Atribuídos valores Mês=3, Ano=2023 para 1 linhas com competência 'COMPETÊNCIA:03/2023'
2025-05-17 14:28:47,337 - data_processor - INFO - Competência '04-2023' reconhecida com padrão '\b(\d{2})[-\.](\d{4})\b': mês=4, ano=2023
2025-05-17 14:28:47,339 - data_processor - INFO - Atribuídos valores Mês=4, Ano=2023 para 1 linhas com competência '04-2023'
2025-05-17 14:28:47,339 - data_processor - INFO - Competência '05.2023' reconhecida com padrão '\b(\d{2})[-\.](\d{4})\b': mês=5, ano=2023
2025-05-17 14:28:47,339 - data_processor - INFO - Atribuídos valores Mês=5, Ano=2023 para 1 linhas com competência '05.2023'
2025-05-17 14:28:47,340 - data_processor - INFO - Valores únicos de mês extraídos: [1.0 2.0 3.0 4.0 5.0]
2025-05-17 14:28:47,340 - data_processor - INFO - Valores únicos de ano extraídos: [2023.0]
2025-05-17 14:28:47,340 - data_processor - INFO - Total de linhas com mês/ano atribuídos: 5 de 5
2025-05-17 14:28:47,345 - data_processor - INFO - Processamento de dados concluído.
2025-05-17 14:28:47,346 - data_processor - INFO - Iniciando processamento dos dados...
2025-05-17 14:28:47,346 - data_processor - INFO - Limpando nomes de tomador...
2025-05-17 14:28:47,347 - data_processor - INFO - Encontrados 1 registros com '50 BATALHÃO' no nome do tomador
2025-05-17 14:28:47,347 - data_processor - INFO - Corrigindo alíquota para 1 linhas com BATALHÃO DE INFANTARIA
2025-05-17 14:28:47,348 - data_processor - INFO - Após limpeza: 0 registros com '50 BATALHÃO' no nome do tomador
2025-05-17 14:28:47,350 - data_processor - INFO - Competências únicas encontradas: ['01/2023' 'Competência: 02/2023' 'COMPETÊNCIA:03/2023' '04-2023'
 '05.2023']
2025-05-17 14:28:47,350 - data_processor - INFO - Competência '01/2023' reconhecida com padrão '\b(\d{2})/(\d{4})\b': mês=1, ano=2023
2025-05-17 14:28:47,350 - data_processor - INFO - Atribuídos valores Mês=1, Ano=2023 para 1 linhas com competência '01/2023'
2025-05-17 14:28:47,350 - data_processor - INFO - Competência 'Competência: 02/2023' reconhecida com padrão '\b(\d{2})/(\d{4})\b': mês=2, ano=2023
2025-05-17 14:28:47,351 - data_processor - INFO - Atribuídos valores Mês=2, Ano=2023 para 1 linhas com competência 'Competência: 02/2023'
2025-05-17 14:28:47,351 - data_processor - INFO - Competência 'COMPETÊNCIA:03/2023' reconhecida com padrão '\b(\d{2})/(\d{4})\b': mês=3, ano=2023
2025-05-17 14:28:47,352 - data_processor - INFO - Atribuídos valores Mês=3, Ano=2023 para 1 linhas com competência 'COMPETÊNCIA:03/2023'
2025-05-17 14:28:47,352 - data_processor - INFO - Competência '04-2023' reconhecida com padrão '\b(\d{2})[-\.](\d{4})\b': mês=4, ano=2023
2025-05-17 14:28:47,352 - data_processor - INFO - Atribuídos valores Mês=4, Ano=2023 para 1 linhas com competência '04-2023'
2025-05-17 14:28:47,352 - data_processor - INFO - Competência '05.2023' reconhecida com padrão '\b(\d{2})[-\.](\d{4})\b': mês=5, ano=2023
2025-05-17 14:28:47,353 - data_processor - INFO - Atribuídos valores Mês=5, Ano=2023 para 1 linhas com competência '05.2023'
2025-05-17 14:28:47,353 - data_processor - INFO - Valores únicos de mês extraídos: [1.0 2.0 3.0 4.0 5.0]
2025-05-17 14:28:47,353 - data_processor - INFO - Valores únicos de ano extraídos: [2023.0]
2025-05-17 14:28:47,353 - data_processor - INFO - Total de linhas com mês/ano atribuídos: 5 de 5
2025-05-17 14:28:47,358 - data_processor - INFO - Processamento de dados concluído.
2025-05-17 14:28:47,359 - data_processor - INFO - Iniciando filtragem por competência: mês=1, ano=None
2025-05-17 14:28:47,359 - data_processor - INFO - DataFrame original: 5 linhas
2025-05-17 14:28:47,359 - data_processor - INFO - Competências únicas antes da filtragem: ['01/2023' 'Competência: 02/2023' 'COMPETÊNCIA:03/2023' '04-2023'
 '05.2023']
2025-05-17 14:28:47,359 - data_processor - INFO - Valores únicos de mês antes da filtragem: [1.0 2.0 3.0 4.0 5.0]
2025-05-17 14:28:47,359 - data_processor - INFO - Valores únicos de ano antes da filtragem: [2023.0]
2025-05-17 14:28:47,359 - data_processor - INFO - Filtrando por mês: 1
2025-05-17 14:28:47,360 - data_processor - INFO - Número de linhas com Mês=1 antes da filtragem: 1
2025-05-17 14:28:47,360 - data_processor - INFO - Após filtrar por mês=1: 1 linhas restantes
2025-05-17 14:28:47,360 - data_processor - INFO - Número de linhas após filtragem completa: 1
2025-05-17 14:28:47,360 - data_processor - INFO - Competências únicas após filtragem: ['01/2023']
2025-05-17 14:28:47,360 - data_processor - INFO - Valores únicos de mês após filtragem: [1.0]
2025-05-17 14:28:47,360 - data_processor - INFO - Valores únicos de ano após filtragem: [2023.0]
2025-05-17 14:28:47,361 - data_processor - INFO - Iniciando filtragem por competência: mês=None, ano=2023
2025-05-17 14:28:47,361 - data_processor - INFO - DataFrame original: 5 linhas
2025-05-17 14:28:47,361 - data_processor - INFO - Competências únicas antes da filtragem: ['01/2023' 'Competência: 02/2023' 'COMPETÊNCIA:03/2023' '04-2023'
 '05.2023']
2025-05-17 14:28:47,361 - data_processor - INFO - Valores únicos de mês antes da filtragem: [1.0 2.0 3.0 4.0 5.0]
2025-05-17 14:28:47,361 - data_processor - INFO - Valores únicos de ano antes da filtragem: [2023.0]
2025-05-17 14:28:47,361 - data_processor - INFO - Filtrando por ano: 2023
2025-05-17 14:28:47,362 - data_processor - INFO - Número de linhas com Ano=2023 antes da filtragem: 5
2025-05-17 14:28:47,362 - data_processor - INFO - Após filtrar por ano=2023: 5 linhas restantes
2025-05-17 14:28:47,362 - data_processor - INFO - Número de linhas após filtragem completa: 5
2025-05-17 14:28:47,362 - data_processor - INFO - Competências únicas após filtragem: ['01/2023' 'Competência: 02/2023' 'COMPETÊNCIA:03/2023' '04-2023'
 '05.2023']
2025-05-17 14:28:47,362 - data_processor - INFO - Valores únicos de mês após filtragem: [1.0 2.0 3.0 4.0 5.0]
2025-05-17 14:28:47,362 - data_processor - INFO - Valores únicos de ano após filtragem: [2023.0]
2025-05-17 14:28:47,362 - data_processor - INFO - Iniciando filtragem por competência: mês=2, ano=2023
2025-05-17 14:28:47,363 - data_processor - INFO - DataFrame original: 5 linhas
2025-05-17 14:28:47,363 - data_processor - INFO - Competências únicas antes da filtragem: ['01/2023' 'Competência: 02/2023' 'COMPETÊNCIA:03/2023' '04-2023'
 '05.2023']
2025-05-17 14:28:47,363 - data_processor - INFO - Valores únicos de mês antes da filtragem: [1.0 2.0 3.0 4.0 5.0]
2025-05-17 14:28:47,363 - data_processor - INFO - Valores únicos de ano antes da filtragem: [2023.0]
2025-05-17 14:28:47,363 - data_processor - INFO - Filtrando por mês: 2
2025-05-17 14:28:47,363 - data_processor - INFO - Número de linhas com Mês=2 antes da filtragem: 1
2025-05-17 14:28:47,364 - data_processor - INFO - Após filtrar por mês=2: 1 linhas restantes
2025-05-17 14:28:47,364 - data_processor - INFO - Filtrando por ano: 2023
2025-05-17 14:28:47,364 - data_processor - INFO - Número de linhas com Ano=2023 antes da filtragem: 1
2025-05-17 14:28:47,364 - data_processor - INFO - Após filtrar por ano=2023: 1 linhas restantes
2025-05-17 14:28:47,364 - data_processor - INFO - Número de linhas após filtragem completa: 1
2025-05-17 14:28:47,364 - data_processor - INFO - Competências únicas após filtragem: ['Competência: 02/2023']
2025-05-17 14:28:47,364 - data_processor - INFO - Valores únicos de mês após filtragem: [2.0]
2025-05-17 14:28:47,364 - data_processor - INFO - Valores únicos de ano após filtragem: [2023.0]
2025-05-17 14:28:47,365 - data_processor - INFO - Iniciando filtragem por competência: mês=6, ano=2024
2025-05-17 14:28:47,365 - data_processor - INFO - DataFrame original: 5 linhas
2025-05-17 14:28:47,365 - data_processor - INFO - Competências únicas antes da filtragem: ['01/2023' 'Competência: 02/2023' 'COMPETÊNCIA:03/2023' '04-2023'
 '05.2023']
2025-05-17 14:28:47,365 - data_processor - INFO - Valores únicos de mês antes da filtragem: [1.0 2.0 3.0 4.0 5.0]
2025-05-17 14:28:47,365 - data_processor - INFO - Valores únicos de ano antes da filtragem: [2023.0]
2025-05-17 14:28:47,366 - data_processor - INFO - Filtrando por mês: 6
2025-05-17 14:28:47,366 - data_processor - INFO - Número de linhas com Mês=6 antes da filtragem: 0
2025-05-17 14:28:47,366 - data_processor - WARNING - Nenhuma linha encontrada com Mês=6
2025-05-17 14:28:47,366 - data_processor - INFO - Após filtrar por mês=6: 0 linhas restantes
2025-05-17 14:28:47,366 - data_processor - INFO - Filtrando por ano: 2024
2025-05-17 14:28:47,366 - data_processor - INFO - Número de linhas com Ano=2024 antes da filtragem: 0
2025-05-17 14:28:47,366 - data_processor - WARNING - Nenhuma linha encontrada com Ano=2024
2025-05-17 14:28:47,367 - data_processor - INFO - Após filtrar por ano=2024: 0 linhas restantes
2025-05-17 14:28:47,367 - data_processor - INFO - Número de linhas após filtragem completa: 0
2025-05-17 14:28:47,367 - data_processor - WARNING - Resultado da filtragem: DataFrame vazio
2025-05-17 14:28:47,368 - data_processor - INFO - Iniciando processamento dos dados...
2025-05-17 14:28:47,368 - data_processor - INFO - Limpando nomes de tomador...
2025-05-17 14:28:47,368 - data_processor - INFO - Encontrados 1 registros com '50 BATALHÃO' no nome do tomador
2025-05-17 14:28:47,369 - data_processor - INFO - Corrigindo alíquota para 1 linhas com BATALHÃO DE INFANTARIA
2025-05-17 14:28:47,370 - data_processor - INFO - Após limpeza: 0 registros com '50 BATALHÃO' no nome do tomador
2025-05-17 14:28:47,372 - data_processor - INFO - Competências únicas encontradas: ['01/2023' 'Competência: 02/2023' 'COMPETÊNCIA:03/2023' '04-2023'
 '05.2023']
2025-05-17 14:28:47,372 - data_processor - INFO - Competência '01/2023' reconhecida com padrão '\b(\d{2})/(\d{4})\b': mês=1, ano=2023
2025-05-17 14:28:47,373 - data_processor - INFO - Atribuídos valores Mês=1, Ano=2023 para 1 linhas com competência '01/2023'
2025-05-17 14:28:47,373 - data_processor - INFO - Competência 'Competência: 02/2023' reconhecida com padrão '\b(\d{2})/(\d{4})\b': mês=2, ano=2023
2025-05-17 14:28:47,373 - data_processor - INFO - Atribuídos valores Mês=2, Ano=2023 para 1 linhas com competência 'Competência: 02/2023'
2025-05-17 14:28:47,373 - data_processor - INFO - Competência 'COMPETÊNCIA:03/2023' reconhecida com padrão '\b(\d{2})/(\d{4})\b': mês=3, ano=2023
2025-05-17 14:28:47,374 - data_processor - INFO - Atribuídos valores Mês=3, Ano=2023 para 1 linhas com competência 'COMPETÊNCIA:03/2023'
2025-05-17 14:28:47,374 - data_processor - INFO - Competência '04-2023' reconhecida com padrão '\b(\d{2})[-\.](\d{4})\b': mês=4, ano=2023
2025-05-17 14:28:47,374 - data_processor - INFO - Atribuídos valores Mês=4, Ano=2023 para 1 linhas com competência '04-2023'
2025-05-17 14:28:47,374 - data_processor - INFO - Competência '05.2023' reconhecida com padrão '\b(\d{2})[-\.](\d{4})\b': mês=5, ano=2023
2025-05-17 14:28:47,375 - data_processor - INFO - Atribuídos valores Mês=5, Ano=2023 para 1 linhas com competência '05.2023'
2025-05-17 14:28:47,375 - data_processor - INFO - Valores únicos de mês extraídos: [1.0 2.0 3.0 4.0 5.0]
2025-05-17 14:28:47,375 - data_processor - INFO - Valores únicos de ano extraídos: [2023.0]
2025-05-17 14:28:47,376 - data_processor - INFO - Total de linhas com mês/ano atribuídos: 5 de 5
2025-05-17 14:28:47,379 - data_processor - INFO - Processamento de dados concluído.
2025-05-17 14:28:47,380 - data_processor - INFO - Iniciando processamento dos dados...
2025-05-17 14:28:47,380 - data_processor - INFO - Limpando nomes de tomador...
2025-05-17 14:28:47,381 - data_processor - INFO - Após limpeza: 0 registros com '50 BATALHÃO' no nome do tomador
2025-05-17 14:28:47,382 - data_processor - INFO - Competências únicas encontradas: ['01/2023' 'None']
2025-05-17 14:28:47,383 - data_processor - INFO - Competência '01/2023' reconhecida com padrão '\b(\d{2})/(\d{4})\b': mês=1, ano=2023
2025-05-17 14:28:47,383 - data_processor - INFO - Atribuídos valores Mês=1, Ano=2023 para 1 linhas com competência '01/2023'
2025-05-17 14:28:47,383 - data_processor - WARNING - Ainda existem 1 linhas sem mês/ano atribuídos após processamento
2025-05-17 14:28:47,384 - data_processor - INFO - Valores únicos de mês extraídos: [1.0 <NA>]
2025-05-17 14:28:47,384 - data_processor - INFO - Valores únicos de ano extraídos: [2023.0 <NA>]
2025-05-17 14:28:47,384 - data_processor - INFO - Total de linhas com mês/ano atribuídos: 1 de 2
2025-05-17 14:28:47,389 - data_processor - INFO - Processamento de dados concluído.
